// Jest Snapshot v1, https://goo.gl/fbAQLP

exports[`StartView testing render 1`] = `
<View
  style={
    Object {
      "backgroundColor": "black",
      "flex": 1,
    }
  }
>
  <TextInput
    allowFontScaling={true}
    autoCorrect={false}
    onChangeText={[Function]}
    onSubmitEditing={[Function]}
    placeholder="Search"
    rejectResponderTermination={true}
    returnKeyType="search"
    style={
      Object {
        "backgroundColor": "white",
        "borderColor": "gray",
        "borderRadius": 20,
        "borderWidth": 1,
        "height": 40,
        "marginHorizontal": 10,
        "paddingHorizontal": 20,
      }
    }
    underlineColorAndroid="transparent"
  />
  <RCTScrollView
    disableVirtualization={false}
    getItem={[Function]}
    getItemCount={[Function]}
    horizontal={false}
    initialNumToRender={10}
    keyExtractor={[Function]}
    maxToRenderPerBatch={10}
    onContentSizeChange={[Function]}
    onEndReachedThreshold={2}
    onLayout={[Function]}
    onMomentumScrollEnd={[Function]}
    onScroll={[Function]}
    onScrollBeginDrag={[Function]}
    onScrollEndDrag={[Function]}
    removeClippedSubviews={false}
    renderItem={[Function]}
    scrollEventThrottle={50}
    stickyHeaderIndices={Array []}
    style={
      Object {
        "marginTop": 10,
      }
    }
    updateCellsBatchingPeriod={50}
    viewabilityConfigCallbackPairs={Array []}
    windowSize={21}
  >
    <View />
  </RCTScrollView>
</View>
`;
